// Jest Snapshot v1, https://goo.gl/fbAQLP

exports[`Argo Route Resolver Correctly Resolves Argo Route Query 1`] = `
Object {
  "data": Object {
    "argoRoute": Object {},
  },
}
`;
